// Jest Snapshot v1, https://goo.gl/fbAQLP

exports[`<Loading /> Matches the snapshot 1`] = `
<span>
  Loading...
</span>
`;
